Reusing configuration cache.
> Task :composeApp:kmpPartiallyResolvedDependenciesChecker
> Task :composeApp:generateComposeResClass UP-TO-DATE
> Task :shared:kmpPartiallyResolvedDependenciesChecker
> Task :shared:jvmProcessResources NO-SOURCE
> Task :composeApp:generateExpectResourceCollectorsForCommonMain UP-TO-DATE
> Task :composeApp:convertXmlValueResourcesForCommonMain NO-SOURCE
> Task :shared:processJvmMainResources SKIPPED
> Task :composeApp:convertXmlValueResourcesForJvmMain NO-SOURCE
> Task :shared:checkKotlinGradlePluginConfigurationErrors SKIPPED
> Task :composeApp:checkKotlinGradlePluginConfigurationErrors SKIPPED
> Task :composeApp:copyNonXmlValueResourcesForCommonMain NO-SOURCE
> Task :composeApp:copyNonXmlValueResourcesForJvmMain UP-TO-DATE
> Task :shared:compileKotlinJvm UP-TO-DATE
> Task :composeApp:prepareComposeResourcesTaskForCommonMain NO-SOURCE
> Task :composeApp:generateResourceAccessorsForCommonMain NO-SOURCE
> Task :shared:compileJvmMainJava NO-SOURCE
> Task :shared:jvmMainClasses UP-TO-DATE
> Task :composeApp:prepareComposeResourcesTaskForJvmMain UP-TO-DATE
> Task :composeApp:generateResourceAccessorsForJvmMain UP-TO-DATE
> Task :composeApp:generateActualResourceCollectorsForJvmMain UP-TO-DATE
> Task :shared:jvmJar UP-TO-DATE
> Task :composeApp:compileKotlinJvm UP-TO-DATE

BUILD SUCCESSFUL in 1s
11 actionable tasks: 2 executed, 9 up-to-date
Configuration cache entry reused.
